<!doctype html public "-//w3c//dtd html 4.0 transitional//en">
<html><head>
<title>Static Call Graph - [.\Objects\DMA.axf]</title></head>
<body><HR>
<H1>Static Call Graph for image .\Objects\DMA.axf</H1><HR>
<BR><P>#&#060CALLGRAPH&#062# ARM Linker, 5060528: Last Updated: Fri Mar 05 14:31:55 2021
<BR><P>
<H3>Maximum Stack Usage =          0 bytes + Unknown(Functions without stacksize, Untraceable Function Pointers)</H3><H3>
Call chain for Maximum Stack Depth:</H3>

<P>
<H3>
Functions with no stack information
</H3><UL>
 <LI><a href="#[0]">Start_Init</a>
 <LI><a href="#[4]">DMA2_Stream0_IRQHandler</a>
 <LI><a href="#[1]">DMA1_Stream5_IRQHandler</a>
 <LI><a href="#[2]">DMA1_Stream6_IRQHandler</a>
 <LI><a href="#[3]">USART2_IRQHandler</a>
</UL>
</UL>
<P>
<H3>
Function Pointers
</H3><UL>
 <LI><a href="#[1]">DMA1_Stream5_IRQHandler</a> from first.o(PROGRAM) referenced from first.o(RESET)
 <LI><a href="#[2]">DMA1_Stream6_IRQHandler</a> from first.o(PROGRAM) referenced from first.o(RESET)
 <LI><a href="#[4]">DMA2_Stream0_IRQHandler</a> from first.o(PROGRAM) referenced from first.o(RESET)
 <LI><a href="#[0]">Start_Init</a> from first.o(PROGRAM) referenced from first.o(RESET)
 <LI><a href="#[3]">USART2_IRQHandler</a> from first.o(PROGRAM) referenced from first.o(RESET)
</UL>
<P>
<H3>
Global Symbols
</H3><P>
<H3>
Local Symbols
</H3>
<P><STRONG><a name="[0]"></a>Start_Init</STRONG> (Thumb, 0 bytes, Stack size unknown bytes, first.o(PROGRAM))
<BR>[Address Reference Count : 1]<UL><LI> first.o(RESET)
</UL>
<P><STRONG><a name="[4]"></a>DMA2_Stream0_IRQHandler</STRONG> (Thumb, 0 bytes, Stack size unknown bytes, first.o(PROGRAM))
<BR>[Address Reference Count : 1]<UL><LI> first.o(RESET)
</UL>
<P><STRONG><a name="[1]"></a>DMA1_Stream5_IRQHandler</STRONG> (Thumb, 0 bytes, Stack size unknown bytes, first.o(PROGRAM))
<BR>[Address Reference Count : 1]<UL><LI> first.o(RESET)
</UL>
<P><STRONG><a name="[2]"></a>DMA1_Stream6_IRQHandler</STRONG> (Thumb, 0 bytes, Stack size unknown bytes, first.o(PROGRAM))
<BR>[Address Reference Count : 1]<UL><LI> first.o(RESET)
</UL>
<P><STRONG><a name="[3]"></a>USART2_IRQHandler</STRONG> (Thumb, 0 bytes, Stack size unknown bytes, first.o(PROGRAM))
<BR>[Address Reference Count : 1]<UL><LI> first.o(RESET)
</UL><P>
<H3>
Undefined Global Symbols
</H3><HR></body></html>
