Component: ARM Compiler 5.06 update 5 (build 528) Tool: armlink [4d35e2]

==============================================================================

Section Cross References

    first.o(RESET) refers to first.o(SRAM1) for Stack_Top
    first.o(RESET) refers to first.o(PROGRAM) for Start_Init


==============================================================================

Image Symbol Table

    Local Symbols

    Symbol Name                              Value     Ov Type        Size  Object(Section)

    First.s                                  0x00000000   Number         0  first.o ABSOLUTE
    RESET                                    0x08000000   Section      292  first.o(RESET)
    PROGRAM                                  0x08000124   Section      188  first.o(PROGRAM)
    $v0                                      0x08000124   Number         0  first.o(PROGRAM)
    Start_Init                               0x08000127   Thumb Code     0  first.o(PROGRAM)
    DMA2_Stream0_IRQHandler                  0x080001bf   Thumb Code     0  first.o(PROGRAM)
    SRAM1                                    0x20000000   Section     1024  first.o(SRAM1)
    Stack_Top                                0x20000400   Data           0  first.o(SRAM1)

    Global Symbols

    Symbol Name                              Value     Ov Type        Size  Object(Section)

    BuildAttributes$$THM_ISAv4$E$P$D$K$B$S$7EM$VFPi3$EXTD16$VFPS$VFMA$PE$A:L22UL41UL21$X:L11$S22US41US21$IEEE1$IW$USESV6$~STKCKD$USESV7$~SHL$OSPACE$EBA8$STANDARDLIB$PRES8$EABIv2 0x00000000   Number         0  anon$$obj.o ABSOLUTE



==============================================================================

Memory Map of the image

  Image Entry point : 0x08000125

  Load Region LR_IROM1 (Base: 0x08000000, Size: 0x000001e0, Max: 0x00100000, ABSOLUTE)

    Execution Region ER_IROM1 (Exec base: 0x08000000, Load base: 0x08000000, Size: 0x000001e0, Max: 0x00100000, ABSOLUTE)

    Exec Addr    Load Addr    Size         Type   Attr      Idx    E Section Name        Object

    0x08000000   0x08000000   0x00000124   Data   RO            2    RESET               first.o
    0x08000124   0x08000124   0x000000bc   Code   RO            3  * PROGRAM             first.o


    Execution Region RW_IRAM1 (Exec base: 0x20000000, Load base: 0x080001e0, Size: 0x00000400, Max: 0x00020000, ABSOLUTE)

    Exec Addr    Load Addr    Size         Type   Attr      Idx    E Section Name        Object

    0x20000000        -       0x00000400   Zero   RW            1    SRAM1               first.o


==============================================================================

Image component sizes


      Code (inc. data)   RO Data    RW Data    ZI Data      Debug   Object Name

       188         22        292          0       1024        280   first.o

    ----------------------------------------------------------------------
       188         22        292          0       1024        280   Object Totals
         0          0          0          0          0          0   (incl. Generated)
         0          0          0          0          0          0   (incl. Padding)

    ----------------------------------------------------------------------
         0          0          0          0          0          0   Library Totals
         0          0          0          0          0          0   (incl. Padding)

    ----------------------------------------------------------------------

==============================================================================


      Code (inc. data)   RO Data    RW Data    ZI Data      Debug   

       188         22        292          0       1024        280   Grand Totals
       188         22        292          0       1024        280   ELF Image Totals
       188         22        292          0          0          0   ROM Totals

==============================================================================

    Total RO  Size (Code + RO Data)                  480 (   0.47kB)
    Total RW  Size (RW Data + ZI Data)              1024 (   1.00kB)
    Total ROM Size (Code + RO Data + RW Data)        480 (   0.47kB)

==============================================================================

